   Compiling tonic-build v0.13.1
   Compiling praborrow-diplomacy v1.0.0 (D:\Project\PraBorrow\crates\praborrow-diplomacy)
   Compiling praborrow-defense v1.0.0 (D:\Project\PraBorrow\crates\praborrow-defense)
   Compiling praborrow-sidl v1.0.0 (D:\Project\PraBorrow\crates\praborrow-sidl)
warning: unused imports: `Deserialize` and `Serialize`
 --> crates\praborrow-sidl\tests\test_macro.rs:2:13
  |
2 | use serde::{Deserialize, Serialize};
  |             ^^^^^^^^^^^  ^^^^^^^^^
  |
  = note: `#[warn(unused_imports)]` (part of `#[warn(unused)]`) on by default

   Compiling praborrow-lease v1.0.0 (D:\Project\PraBorrow\crates\praborrow-lease)
warning: `praborrow-sidl` (test "test_macro") generated 1 warning (run `cargo fix --test "test_macro" -p praborrow-sidl` to apply 1 suggestion)
   Compiling praborrow v1.0.0 (D:\Project\PraBorrow\crates\praborrow)
   Compiling prb-cli v1.0.0 (D:\Project\PraBorrow\crates\prb-cli)
    Finished `test` profile [unoptimized + debuginfo] target(s) in 9.74s
     Running unittests src\lib.rs (target\debug\deps\praborrow-628daa78de6be720.exe)

running 0 tests

test result: ok. 0 passed; 0 failed; 0 ignored; 0 measured; 0 filtered out; finished in 0.00s

     Running unittests src\lib.rs (target\debug\deps\praborrow_core-a9c999d27c252a7a.exe)

running 19 tests
test tests::test_and_then ... ok
test tests::test_annex_error_display ... ok
test tests::test_filter ... ok
test tests::test_map_exiled ... ok
test tests::test_proof_carrying ... ok
test tests::test_sovereign_deref_mut ... ok
test tests::test_lease_normal_duration ... ok
test tests::test_lease_zero_duration_fails ... ok
test tests::test_sovereign_annex ... ok
test tests::test_sovereign_deref ... ok
test tests::test_map_domestic ... ok
test tests::test_sovereign_double_annex ... ok
test tests::test_sovereign_new ... ok
test tests::test_try_get_exiled ... ok
test tests::test_sovereign_repatriate ... ok
test tests::test_try_get_domestic ... ok
test tests::test_modify ... ok
test tests::test_sovereignty_violation - should panic ... ok
test tests::test_sovereign_new_exiled ... ok

test result: ok. 19 passed; 0 failed; 0 ignored; 0 measured; 0 filtered out; finished in 0.00s

     Running unittests src\lib.rs (target\debug\deps\praborrow_defense-bffb00869a6d8779.exe)

running 0 tests

test result: ok. 0 passed; 0 failed; 0 ignored; 0 measured; 0 filtered out; finished in 0.00s

     Running tests\compile_fail.rs (target\debug\deps\compile_fail-ddb79068dc9b698d.exe)

running 1 test
    Checking praborrow-defense-tests v0.0.0 (D:\Project\PraBorrow\target\tests\trybuild\praborrow-defense)
    Finished `dev` profile [unoptimized + debuginfo] target(s) in 0.16s


test tests\ui\invalid_syntax.rs ... ok


test ui ... ok

test result: ok. 1 passed; 0 failed; 0 ignored; 0 measured; 0 filtered out; finished in 0.62s

     Running tests\no_panic_test.rs (target\debug\deps\no_panic_test-f142accb2489dece.exe)

running 2 tests
test test_no_panic ... ok
test test_ok ... ok

test result: ok. 2 passed; 0 failed; 0 ignored; 0 measured; 0 filtered out; finished in 0.00s

     Running unittests src\lib.rs (target\debug\deps\praborrow_diplomacy-cb79c03e75412bb1.exe)

running 1 test
test tests::test_diplomacy_flow ... ok

test result: ok. 1 passed; 0 failed; 0 ignored; 0 measured; 0 filtered out; finished in 0.00s

     Running unittests src\lib.rs (target\debug\deps\praborrow_lease-29b946b41ceaba77.exe)

running 42 tests
test engine::tests::test_raft_config_default ... ok
test grpc::tests::test_circuit_breaker_closed ... ok
test engine::tests::test_paxos_not_implemented ... ok
test engine::tests::test_create_raft_engine ... ok
test grpc::tests::test_circuit_breaker_opens_after_failures ... ok
test cluster_test::tests::test_message_router ... ok
test cluster_test::tests::test_raft_config ... ok
test cluster_test::tests::test_create_cluster ... ok
test engine::tests::test_raft_config_random_timeout ... ok
test grpc::tests::test_grpc_config_default ... ok
test manager::tests::test_manager_voting ... ok
test cluster_test::tests::test_leader_election_single_candidate ... ok
test cluster_test::tests::test_state_machine_apply ... ok
test cluster_test::tests::test_commit_index_advancement ... ok
test cluster_test::tests::test_log_conflict_resolution ... ok
test cluster_test::tests::test_log_replication_consistency ... ok
test metrics::tests::test_role_metric_conversion ... ok
test network::tests::test_network_config_clamps_buffer_size ... ok
test network::tests::test_network_config_default ... ok
test metrics::tests::test_replication_lag ... ok
test metrics::tests::test_metrics_setters ... ok
test metrics::tests::test_metrics_new ... ok
test metrics::tests::test_metrics_counters ... ok
test metrics::tests::test_prometheus_export ... ok
test network::tests::test_packet_serialization ... ok
test raft::tests::test_in_memory_storage ... ok
test raft::tests::test_in_memory_storage_log_operations ... ok
test raft::tests::test_raft_role_display ... ok
test raft::tests::test_in_memory_storage_snapshot ... ok
test raft::tests::test_raft_node_dynamic_membership ... ok
test raft::tests::test_snapshot_integrity ... ok
test state_machine::tests::test_kv_state_machine_delete ... ok
test state_machine::tests::test_kv_state_machine_overwrite ... ok
test state_machine::tests::test_kv_state_machine_set ... ok
test state_machine::tests::test_kv_state_machine_snapshot ... ok
test state_machine::tests::test_noop_state_machine ... ok
test grpc::tests::test_circuit_breaker_closes_after_success ... ok
test grpc::tests::test_circuit_breaker_half_open_after_timeout ... ok
test raft::tests::test_file_storage_log_truncation ... ok
test raft::tests::test_file_storage_atomic_term_and_vote ... ok
test raft::tests::test_file_storage_snapshot ... ok
test raft::tests::test_file_storage_persistence ... ok

test result: ok. 42 passed; 0 failed; 0 ignored; 0 measured; 0 filtered out; finished in 0.24s

     Running tests\raft_test.rs (target\debug\deps\raft_test-0d9251d3d6c1cee7.exe)

running 3 tests
test test_raft_node_with_memory_storage ... ok
test test_leader_election_start ... ok
test test_vote_handling ... ok

test result: ok. 3 passed; 0 failed; 0 ignored; 0 measured; 0 filtered out; finished in 0.00s

     Running unittests src\lib.rs (target\debug\deps\praborrow_logistics-7a7e1947fc00b434.exe)

running 4 tests
test tests::test_as_slice ... ok
test tests::test_drop_is_called ... ok
test tests::test_refine_empty_success ... ok
test tests::test_refine_success ... ok

test result: ok. 4 passed; 0 failed; 0 ignored; 0 measured; 0 filtered out; finished in 0.00s

     Running unittests src\lib.rs (target\debug\deps\praborrow_macros-78c7426c2b107877.exe)

running 0 tests

test result: ok. 0 passed; 0 failed; 0 ignored; 0 measured; 0 filtered out; finished in 0.00s

     Running unittests src\lib.rs (target\debug\deps\praborrow_prover-3768633c3f62404f.exe)

running 14 tests
test parser::tests::test_comparison_op_from_str ... ok
test parser::tests::test_complex_grouping_precedence ... ok
test parser::tests::test_parse_all ... ok
test parser::tests::test_parse_boolean_literals ... ok
test parser::tests::test_parse_equality ... ok
test parser::tests::test_parse_error_invalid_field ... ok
test parser::tests::test_parse_greater_than ... ok
test parser::tests::test_parse_error_no_operator ... ok
test parser::tests::test_parse_less_than_or_equal ... ok
test parser::tests::test_parse_negative_literal ... ok
test parser::tests::test_parse_error_empty ... ok
test parser::tests::test_parse_not_equal ... ok
test parser::tests::test_precedence_arithmetic ... ok
test parser::tests::test_valid_identifier ... ok

test result: ok. 14 passed; 0 failed; 0 ignored; 0 measured; 0 filtered out; finished in 0.00s

     Running unittests src\lib.rs (target\debug\deps\praborrow_sidl-6cb02ca31c94731d.exe)

running 0 tests

test result: ok. 0 passed; 0 failed; 0 ignored; 0 measured; 0 filtered out; finished in 0.00s

     Running tests\test_macro.rs (target\debug\deps\test_macro-71e91c045872c36e.exe)

running 2 tests
test test_diplomat_trait ... ok
test test_sidl_generation ... ok

test result: ok. 2 passed; 0 failed; 0 ignored; 0 measured; 0 filtered out; finished in 0.00s

     Running unittests src\main.rs (target\debug\deps\prb_cli-26ac067801929c25.exe)

running 0 tests

test result: ok. 0 passed; 0 failed; 0 ignored; 0 measured; 0 filtered out; finished in 0.00s

     Running unittests src\main.rs (target\debug\deps\xtask-3c4404b0a63d2202.exe)

running 0 tests

test result: ok. 0 passed; 0 failed; 0 ignored; 0 measured; 0 filtered out; finished in 0.00s

   Doc-tests praborrow

running 1 test
test crates\praborrow\src\lib.rs - prelude (line 64) ... ignored

test result: ok. 0 passed; 0 failed; 1 ignored; 0 measured; 0 filtered out; finished in 0.00s

all doctests ran in 0.35s; merged doctests compilation took 0.33s
   Doc-tests praborrow_core

running 6 tests
test crates\praborrow-core\src\lib.rs - CheckProtocol::enforce_law (line 401) ... ignored
test crates\praborrow-core\src\lib.rs - VerifiedAnnex::annex_verified (line 573) ... ignored
test crates\praborrow-core\src\lib.rs - Sovereign<T>::modify (line 322) ... ok
test crates\praborrow-core\src\lib.rs - Sovereign<T>::map (line 263) ... ok
test crates\praborrow-core\src\lib.rs - Sovereign<T>::new_exiled (line 120) ... ok
test crates\praborrow-core\src\lib.rs - Sovereign<T>::repatriate (line 218) ... ok

test result: ok. 4 passed; 0 failed; 2 ignored; 0 measured; 0 filtered out; finished in 0.02s

all doctests ran in 0.50s; merged doctests compilation took 0.47s
   Doc-tests praborrow_defense

running 1 test
test crates\praborrow-defense\src\lib.rs - (line 9) ... ignored

test result: ok. 0 passed; 0 failed; 1 ignored; 0 measured; 0 filtered out; finished in 0.00s

all doctests ran in 0.34s; merged doctests compilation took 0.33s
   Doc-tests praborrow_diplomacy

running 0 tests

test result: ok. 0 passed; 0 failed; 0 ignored; 0 measured; 0 filtered out; finished in 0.00s

   Doc-tests praborrow_lease

running 3 tests
test crates\praborrow-lease\src\raft.rs - raft::FileStorage (line 609) ... ignored
test crates\praborrow-lease\src\raft.rs - raft::RaftNode<T>::new (line 1163) ... ignored
test crates\praborrow-lease\src\state_machine.rs - state_machine::StateMachine (line 21) ... ignored

test result: ok. 0 passed; 0 failed; 3 ignored; 0 measured; 0 filtered out; finished in 0.00s

all doctests ran in 0.34s; merged doctests compilation took 0.33s
   Doc-tests praborrow_logistics

running 0 tests

test result: ok. 0 passed; 0 failed; 0 ignored; 0 measured; 0 filtered out; finished in 0.00s

   Doc-tests praborrow_macros

running 0 tests

test result: ok. 0 passed; 0 failed; 0 ignored; 0 measured; 0 filtered out; finished in 0.00s

   Doc-tests praborrow_prover

running 1 test
test crates\praborrow-prover\src\lib.rs - (line 28) ... ignored

test result: ok. 0 passed; 0 failed; 1 ignored; 0 measured; 0 filtered out; finished in 0.00s

all doctests ran in 0.35s; merged doctests compilation took 0.33s
   Doc-tests praborrow_sidl

running 0 tests

test result: ok. 0 passed; 0 failed; 0 ignored; 0 measured; 0 filtered out; finished in 0.00s

